// Jest Snapshot v1, https://goo.gl/fbAQLP

exports[`util array to factory 1`] = `Object {}`;
